// Jest Snapshot v1, https://goo.gl/fbAQLP

exports[`EuiRecursiveTree is rendered 1`] = `
<div
  class="euiText euiText--medium euiRecursiveTree__wrapper"
>
  <p
    class="euiScreenReaderOnly"
    id="htmlId--instruction"
  >
    You can quickly navigate this list using arrow keys.
  </p>
  <ul
    aria-describedby="htmlId--instruction"
    aria-label="aria-label"
    class="euiRecursiveTree testClass1 testClass2"
    data-test-subj="test subject string"
    id="htmlId"
  >
    <li
      class="euiRecursiveTree__node"
    >
      <button
        aria-controls="euiRecursiveNestedTree-htmlId"
        aria-expanded="false"
        class="euiRecursiveTree__nodeInner"
        data-test-subj="euiRecursiveTreeButton-htmlId"
        id="htmlId--0--node"
      >
        <span
          class="euiRecursiveTree__iconWrapper"
        >
          <svg
            class="euiIcon euiIcon--medium euiIcon-isLoading"
            focusable="false"
            height="16"
            viewBox="0 0 16 16"
            width="16"
            xmlns="http://www.w3.org/2000/svg"
          />
        </span>
        <span
          class="euiRecurisveTree__nodeLabel"
        >
          Item One
        </span>
      </button>
      <div
        id="euiRecursiveNestedTree-htmlId"
      />
    </li>
    <li
      class="euiRecursiveTree__node"
    >
      <button
        aria-controls="euiRecursiveNestedTree-htmlId"
        aria-expanded="false"
        class="euiRecursiveTree__nodeInner"
        data-test-subj="euiRecursiveTreeButton-htmlId"
        id="htmlId--1--node"
      >
        <span
          class="euiRecurisveTree__nodeLabel"
        >
          Item Two
        </span>
      </button>
      <div
        id="euiRecursiveNestedTree-htmlId"
      />
    </li>
  </ul>
</div>
`;
